 pricerange_mex

 Timestamp is 53e22c2a (Wed Aug 06 09:22:50 2014)

 Preferred load address is 0000000180000000

 Start         Length     Name                   Class
 0001:00000000 000015c0H .text                   CODE
 0001:000015c0 00000092H .text$x                 CODE
 0002:00000000 00000210H .idata$5                DATA
 0002:00000210 00000008H .CRT$XCA                DATA
 0002:00000218 00000008H .CRT$XCZ                DATA
 0002:00000220 00000008H .CRT$XIA                DATA
 0002:00000228 00000008H .CRT$XIAA               DATA
 0002:00000230 00000008H .CRT$XIZ                DATA
 0002:00000240 000002f0H .rdata                  DATA
 0002:00000530 00000008H .rtc$IAA                DATA
 0002:00000538 00000008H .rtc$IZZ                DATA
 0002:00000540 00000008H .rtc$TAA                DATA
 0002:00000548 00000008H .rtc$TZZ                DATA
 0002:00000550 000001d8H .xdata                  DATA
 0002:00000728 00000078H .idata$2                DATA
 0002:000007a0 00000014H .idata$3                DATA
 0002:000007b8 00000210H .idata$4                DATA
 0002:000009c8 0000055aH .idata$6                DATA
 0002:00000f30 000000c8H .edata                  DATA
 0003:00000000 000000d0H .data                   DATA
 0003:000000d0 00000050H .bss                    DATA
 0004:00000000 00000198H .pdata                  DATA

  Address         Publics by Value              Rva+Base               Lib:Object

 0000:00000000       ___safe_se_handler_count   0000000000000000     <absolute>
 0000:00000000       ___safe_se_handler_table   0000000000000000     <absolute>
 0000:00000000       __ImageBase                0000000180000000     <linker-defined>
 0001:00000000       pricerange_initialize      0000000180001000 f   pricerange_initialize.obj
 0001:00000060       pricerange_atexit          0000000180001060 f   pricerange_terminate.obj
 0001:000000b0       pricerange_terminate       00000001800010b0 f   pricerange_terminate.obj
 0001:000000d0       pricerange                 00000001800010d0 f   pricerange.obj
 0001:00000400       emlrtMexFcnResolvedFunctionsInfo 0000000180001400 f   pricerange_api.obj
 0001:00000730       pricerange_api             0000000180001730 f   pricerange_api.obj
 0001:00000880       emxEnsureCapacity          0000000180001880 f   pricerange_emxutil.obj
 0001:00000990       emxFree_real_T             0000000180001990 f   pricerange_emxutil.obj
 0001:000009d0       b_emxInit_real_T           00000001800019d0 f   pricerange_emxutil.obj
 0001:000009d0       emxInit_real_T             00000001800019d0 f   pricerange_emxutil.obj
 0001:00000bd0       pricerange_atexit_wrapper  0000000180001bd0 f   pricerange_mex.obj
 0001:00000be0       mexFunction                0000000180001be0 f   pricerange_mex.obj
 0001:00000c30       emlrtMexFcnProperties      0000000180001c30 f   pricerange_mex.obj
 0001:00000d8a       mxGetData                  0000000180001d8a f   libmx:libmx.dll
 0001:00000d90       mxSetDimensions_700        0000000180001d90 f   libmx:libmx.dll
 0001:00000d96       mxSetData                  0000000180001d96 f   libmx:libmx.dll
 0001:00000d9c       mxCreateNumericArray_700   0000000180001d9c f   libmx:libmx.dll
 0001:00000da2       mxCreateNumericMatrix_700  0000000180001da2 f   libmx:libmx.dll
 0001:00000da8       mxCreateString             0000000180001da8 f   libmx:libmx.dll
 0001:00000dae       mxCreateStructArray_700    0000000180001dae f   libmx:libmx.dll
 0001:00000db4       mxCreateDoubleScalar       0000000180001db4 f   libmx:libmx.dll
 0001:00000dba       mxSetFieldByNumber_700     0000000180001dba f   libmx:libmx.dll
 0001:00000dc0       mxCreateLogicalMatrix_700  0000000180001dc0 f   libmx:libmx.dll
 0001:00000dc6       mxCreateStructMatrix_700   0000000180001dc6 f   libmx:libmx.dll
 0001:00000dcc       mexAtExit                  0000000180001dcc f   libmex:libmex.dll
 0001:00000dd2       emlrtFirstTimeR2012b       0000000180001dd2 f   libemlrt:libemlrt.dll
 0001:00000dd8       emlrtEnterRtStackR2012b    0000000180001dd8 f   libemlrt:libemlrt.dll
 0001:00000dde       emlrtClearAllocCountR2012b 0000000180001dde f   libemlrt:libemlrt.dll
 0001:00000de4       emlrtCreateRootTLS         0000000180001de4 f   libemlrt:libemlrt.dll
 0001:00000dea       emlrtGetBreakCheckFlagAddressR2012b 0000000180001dea f   libemlrt:libemlrt.dll
 0001:00000df0       emlrtDestroyRootTLS        0000000180001df0 f   libemlrt:libemlrt.dll
 0001:00000df6       emlrtLeaveRtStackR2012b    0000000180001df6 f   libemlrt:libemlrt.dll
 0001:00000dfc       emlrtHeapReferenceStackLeaveFcnR2012b 0000000180001dfc f   libemlrt:libemlrt.dll
 0001:00000e02       emlrtSizeEqCheck1DR2012b   0000000180001e02 f   libemlrt:libemlrt.dll
 0001:00000e08       emlrtHeapReferenceStackEnterFcnR2012b 0000000180001e08 f   libemlrt:libemlrt.dll
 0001:00000e0e       emlrtDestroyArray          0000000180001e0e f   libemlrt:libemlrt.dll
 0001:00000e14       emlrtCheckVsBuiltInR2012b  0000000180001e14 f   libemlrt:libemlrt.dll
 0001:00000e1a       emlrtAssign                0000000180001e1a f   libemlrt:libemlrt.dll
 0001:00000e20       emlrtNameCapturePostProcessR2012a 0000000180001e20 f   libemlrt:libemlrt.dll
 0001:00000e26       emlrtAlias                 0000000180001e26 f   libemlrt:libemlrt.dll
 0001:00000e2c       emlrtAddField              0000000180001e2c f   libemlrt:libemlrt.dll
 0001:00000e32       emlrtFreeMex               0000000180001e32 f   libemlrt:libemlrt.dll
 0001:00000e38       emlrtHeapAllocationErrorR2012b 0000000180001e38 f   libemlrt:libemlrt.dll
 0001:00000e3e       emlrtCallocMex             0000000180001e3e f   libemlrt:libemlrt.dll
 0001:00000e44       emlrtSizeMulR2012b         0000000180001e44 f   libemlrt:libemlrt.dll
 0001:00000e4a       emlrtPushHeapReferenceStackR2012b 0000000180001e4a f   libemlrt:libemlrt.dll
 0001:00000e50       emlrtMallocMex             0000000180001e50 f   libemlrt:libemlrt.dll
 0001:00000e56       emlrtReturnArrayR2009a     0000000180001e56 f   libemlrt:libemlrt.dll
 0001:00000e5c       emlrtErrMsgIdAndTxt        0000000180001e5c f   libemlrt:libemlrt.dll
 0001:00000e62       muDoubleScalarAbs          0000000180001e62 f   libmwmathutil:libmwmathutil.dll
 0001:00000e68       memcpy                     0000000180001e68 f   MSVCRT:MSVCR100.dll
 0001:00000ed0       _CRT_INIT                  0000000180001ed0 f   MSVCRT:crtdll.obj
 0001:00001268       _DllMainCRTStartup         0000000180002268 f   MSVCRT:crtdll.obj
 0001:000012a8       __clean_type_info_names    00000001800022a8 f   MSVCRT:tncleanup.obj
 0001:000012b4       _onexit                    00000001800022b4 f   MSVCRT:atonexit.obj
 0001:00001364       atexit                     0000000180002364 f   MSVCRT:atonexit.obj
 0001:0000137c       _RTC_Initialize            000000018000237c f   MSVCRT:_initsect_.obj
 0001:000013b4       _RTC_Terminate             00000001800023b4 f   MSVCRT:_initsect_.obj
 0001:000013f0       _ValidateImageBase         00000001800023f0 f   MSVCRT:pesect.obj
 0001:00001420       _FindPESection             0000000180002420 f   MSVCRT:pesect.obj
 0001:00001470       _IsNonwritableInCurrentImage 0000000180002470 f   MSVCRT:pesect.obj
 0001:000014b2       _initterm                  00000001800024b2 f   MSVCRT:MSVCR100.dll
 0001:000014b8       _initterm_e                00000001800024b8 f   MSVCRT:MSVCR100.dll
 0001:000014be       _amsg_exit                 00000001800024be f   MSVCRT:MSVCR100.dll
 0001:000014c4       __C_specific_handler       00000001800024c4 f   MSVCRT:MSVCR100.dll
 0001:000014ca       __CppXcptFilter            00000001800024ca f   MSVCRT:MSVCR100.dll
 0001:000014d0       DllMain                    00000001800024d0 f   MSVCRT:dllmain.obj
 0001:000014f4       __security_init_cookie     00000001800024f4 f   MSVCRT:gs_support.obj
 0001:000015a8       __clean_type_info_names_internal 00000001800025a8 f   MSVCRT:MSVCR100.dll
 0001:000015ae       _unlock                    00000001800025ae f   MSVCRT:MSVCR100.dll
 0001:000015b4       __dllonexit                00000001800025b4 f   MSVCRT:MSVCR100.dll
 0001:000015ba       _lock                      00000001800025ba f   MSVCRT:MSVCR100.dll
 0002:00000000       __imp_GetSystemTimeAsFileTime 0000000180003000     kernel32:KERNEL32.dll
 0002:00000008       __imp_GetCurrentProcessId  0000000180003008     kernel32:KERNEL32.dll
 0002:00000010       __imp_GetCurrentThreadId   0000000180003010     kernel32:KERNEL32.dll
 0002:00000018       __imp_GetTickCount         0000000180003018     kernel32:KERNEL32.dll
 0002:00000020       __imp_QueryPerformanceCounter 0000000180003020     kernel32:KERNEL32.dll
 0002:00000028       __imp_DisableThreadLibraryCalls 0000000180003028     kernel32:KERNEL32.dll
 0002:00000030       __imp_Sleep                0000000180003030     kernel32:KERNEL32.dll
 0002:00000038       __imp_DecodePointer        0000000180003038     kernel32:KERNEL32.dll
 0002:00000040       __imp_EncodePointer        0000000180003040     kernel32:KERNEL32.dll
 0002:00000048       \177KERNEL32_NULL_THUNK_DATA 0000000180003048     kernel32:KERNEL32.dll
 0002:00000050       __imp__onexit              0000000180003050     MSVCRT:MSVCR100.dll
 0002:00000058       __imp__lock                0000000180003058     MSVCRT:MSVCR100.dll
 0002:00000060       __imp___dllonexit          0000000180003060     MSVCRT:MSVCR100.dll
 0002:00000068       __imp__unlock              0000000180003068     MSVCRT:MSVCR100.dll
 0002:00000070       __imp___C_specific_handler 0000000180003070     MSVCRT:MSVCR100.dll
 0002:00000078       __imp__amsg_exit           0000000180003078     MSVCRT:MSVCR100.dll
 0002:00000080       __imp__encoded_null        0000000180003080     MSVCRT:MSVCR100.dll
 0002:00000088       __imp_free                 0000000180003088     MSVCRT:MSVCR100.dll
 0002:00000090       __imp__initterm_e          0000000180003090     MSVCRT:MSVCR100.dll
 0002:00000098       __imp__initterm            0000000180003098     MSVCRT:MSVCR100.dll
 0002:000000a0       __imp__malloc_crt          00000001800030a0     MSVCRT:MSVCR100.dll
 0002:000000a8       __imp_memcpy               00000001800030a8     MSVCRT:MSVCR100.dll
 0002:000000b0       __imp___clean_type_info_names_internal 00000001800030b0     MSVCRT:MSVCR100.dll
 0002:000000b8       __imp___CppXcptFilter      00000001800030b8     MSVCRT:MSVCR100.dll
 0002:000000c0       \177MSVCR100_NULL_THUNK_DATA 00000001800030c0     MSVCRT:MSVCR100.dll
 0002:000000c8       __imp_emlrtDestroyArray    00000001800030c8     libemlrt:libemlrt.dll
 0002:000000d0       __imp_emlrtAssign          00000001800030d0     libemlrt:libemlrt.dll
 0002:000000d8       __imp_emlrtNameCapturePostProcessR2012a 00000001800030d8     libemlrt:libemlrt.dll
 0002:000000e0       __imp_emlrtAlias           00000001800030e0     libemlrt:libemlrt.dll
 0002:000000e8       __imp_emlrtAddField        00000001800030e8     libemlrt:libemlrt.dll
 0002:000000f0       __imp_emlrtFreeMex         00000001800030f0     libemlrt:libemlrt.dll
 0002:000000f8       __imp_emlrtHeapAllocationErrorR2012b 00000001800030f8     libemlrt:libemlrt.dll
 0002:00000100       __imp_emlrtCallocMex       0000000180003100     libemlrt:libemlrt.dll
 0002:00000108       __imp_emlrtSizeMulR2012b   0000000180003108     libemlrt:libemlrt.dll
 0002:00000110       __imp_emlrtPushHeapReferenceStackR2012b 0000000180003110     libemlrt:libemlrt.dll
 0002:00000118       __imp_emlrtMallocMex       0000000180003118     libemlrt:libemlrt.dll
 0002:00000120       __imp_emlrtReturnArrayR2009a 0000000180003120     libemlrt:libemlrt.dll
 0002:00000128       __imp_emlrtErrMsgIdAndTxt  0000000180003128     libemlrt:libemlrt.dll
 0002:00000130       __imp_emlrtHeapReferenceStackEnterFcnR2012b 0000000180003130     libemlrt:libemlrt.dll
 0002:00000138       __imp_emlrtSizeEqCheck1DR2012b 0000000180003138     libemlrt:libemlrt.dll
 0002:00000140       __imp_emlrtHeapReferenceStackLeaveFcnR2012b 0000000180003140     libemlrt:libemlrt.dll
 0002:00000148       __imp_emlrtLeaveRtStackR2012b 0000000180003148     libemlrt:libemlrt.dll
 0002:00000150       __imp_emlrtDestroyRootTLS  0000000180003150     libemlrt:libemlrt.dll
 0002:00000158       __imp_emlrtGetBreakCheckFlagAddressR2012b 0000000180003158     libemlrt:libemlrt.dll
 0002:00000160       __imp_emlrtCreateRootTLS   0000000180003160     libemlrt:libemlrt.dll
 0002:00000168       __imp_emlrtClearAllocCountR2012b 0000000180003168     libemlrt:libemlrt.dll
 0002:00000170       __imp_emlrtEnterRtStackR2012b 0000000180003170     libemlrt:libemlrt.dll
 0002:00000178       __imp_emlrtFirstTimeR2012b 0000000180003178     libemlrt:libemlrt.dll
 0002:00000180       __imp_emlrtCheckVsBuiltInR2012b 0000000180003180     libemlrt:libemlrt.dll
 0002:00000188       \177libemlrt_NULL_THUNK_DATA 0000000180003188     libemlrt:libemlrt.dll
 0002:00000190       __imp_mexAtExit            0000000180003190     libmex:libmex.dll
 0002:00000198       \177libmex_NULL_THUNK_DATA 0000000180003198     libmex:libmex.dll
 0002:000001a0       __imp_muDoubleScalarAbs    00000001800031a0     libmwmathutil:libmwmathutil.dll
 0002:000001a8       \177libmwmathutil_NULL_THUNK_DATA 00000001800031a8     libmwmathutil:libmwmathutil.dll
 0002:000001b0       __imp_mxCreateStructMatrix_700 00000001800031b0     libmx:libmx.dll
 0002:000001b8       __imp_mxCreateLogicalMatrix_700 00000001800031b8     libmx:libmx.dll
 0002:000001c0       __imp_mxSetFieldByNumber_700 00000001800031c0     libmx:libmx.dll
 0002:000001c8       __imp_mxCreateDoubleScalar 00000001800031c8     libmx:libmx.dll
 0002:000001d0       __imp_mxCreateStructArray_700 00000001800031d0     libmx:libmx.dll
 0002:000001d8       __imp_mxCreateString       00000001800031d8     libmx:libmx.dll
 0002:000001e0       __imp_mxCreateNumericMatrix_700 00000001800031e0     libmx:libmx.dll
 0002:000001e8       __imp_mxCreateNumericArray_700 00000001800031e8     libmx:libmx.dll
 0002:000001f0       __imp_mxSetData            00000001800031f0     libmx:libmx.dll
 0002:000001f8       __imp_mxSetDimensions_700  00000001800031f8     libmx:libmx.dll
 0002:00000200       __imp_mxGetData            0000000180003200     libmx:libmx.dll
 0002:00000208       \177libmx_NULL_THUNK_DATA  0000000180003208     libmx:libmx.dll
 0002:00000210       __xc_a                     0000000180003210     MSVCRT:cinitexe.obj
 0002:00000218       __xc_z                     0000000180003218     MSVCRT:cinitexe.obj
 0002:00000220       __xi_a                     0000000180003220     MSVCRT:cinitexe.obj
 0002:00000230       __xi_z                     0000000180003230     MSVCRT:cinitexe.obj
 0002:00000240       ??_C@_0EC@NKEDJCMK@C?3?1Program?5Files?1MATLAB?1R2013a?1t@ 0000000180003240     pricerange.obj
 0002:00000284       ??_C@_03BCGAIFPO@abs?$AA@  0000000180003284     pricerange.obj
 0002:00000290       ??_C@_0EA@KFMKGEOK@G?3?1openAlgo?1MatLab?1Functions?1Ele@ 0000000180003290     pricerange.obj
 0002:000002d0       ??_C@_0L@IDJPIKOA@pricerange?$AA@ 00000001800032d0     pricerange.obj
 0002:000002db       ??_C@_00CNPNBAHC@?$AA@     00000001800032db     pricerange_api.obj
 0002:000002e0       ??_C@_0P@GBKCOLOD@pricerange_api?$AA@ 00000001800032e0     pricerange_api.obj
 0002:000002f8       ??_C@_06BNJCAIGJ@double?$AA@ 00000001800032f8     pricerange_api.obj
 0002:00000300       ??_C@_0M@FMAJFPGC@mFileTimeHi?$AA@ 0000000180003300     pricerange_api.obj
 0002:00000310       ??_C@_0M@NFKFADI@mFileTimeLo?$AA@ 0000000180003310     pricerange_api.obj
 0002:00000320       ??_C@_0L@HMDKMKNA@fileTimeHi?$AA@ 0000000180003320     pricerange_api.obj
 0002:00000330       ??_C@_0L@CNGJMFIK@fileTimeLo?$AA@ 0000000180003330     pricerange_api.obj
 0002:00000340       ??_C@_08CGJBBLIA@resolved?$AA@ 0000000180003340     pricerange_api.obj
 0002:00000350       ??_C@_0N@IGLAPNJK@dominantType?$AA@ 0000000180003350     pricerange_api.obj
 0002:00000360       ??_C@_04MEMAJGDJ@name?$AA@ 0000000180003360     pricerange_api.obj
 0002:00000368       ??_C@_07JKKCBBMM@context?$AA@ 0000000180003368     pricerange_api.obj
 0002:00000370       ??_C@_0EB@JMHDJNBF@?$FLILXE?$FN$matlabroot$?1toolbox?1eml?1l@ 0000000180003370     pricerange_api.obj
 0002:000003b8       ??_C@_0P@DEOLODNE@eml_scalar_abs?$AA@ 00000001800033b8     pricerange_api.obj
 0002:000003c8       ??_C@_0DG@GPPKOLMK@?$FLILXE?$FN$matlabroot$?1toolbox?1eml?1l@ 00000001800033c8     pricerange_api.obj
 0002:00000400       ??_C@_0ED@GDAPMMNN@?$FLE?$FNG?3?1openAlgo?1MatLab?1Functions?1@ 0000000180003400     pricerange_api.obj
 0002:00000444       ??_C@_05NCDILCCA@price?$AA@ 0000000180003444     pricerange_api.obj
 0002:00000450       ??_C@_0CF@OIONOIOI@EMLRT?3runTime?3TooManyOutputArgum@ 0000000180003450     pricerange_mex.obj
 0002:00000478       ??_C@_0CC@IMHDKEMC@EMLRT?3runTime?3WrongNumberOfInput@ 0000000180003478     pricerange_mex.obj
 0002:000004a0       ??_C@_0BD@BMDBANMC@8?41?40?4604?5?$CIR2013a?$CJ?$AA@ 00000001800034a0     pricerange_mex.obj
 0002:000004b8       __real@3ff0000000000000    00000001800034b8     pricerange_mex.obj
 0002:000004c0       ??_C@_0P@FDPDNMBC@ConstantInputs?$AA@ 00000001800034c0     pricerange_mex.obj
 0002:000004d0       ??_C@_0BA@HBLCOFA@NumberOfOutputs?$AA@ 00000001800034d0     pricerange_mex.obj
 0002:000004e0       ??_C@_0P@DJPKAEOC@NumberOfInputs?$AA@ 00000001800034e0     pricerange_mex.obj
 0002:000004f0       ??_C@_04FABLJDN@Name?$AA@  00000001800034f0     pricerange_mex.obj
 0002:000004f8       ??_C@_0M@HOOGCLMJ@EntryPoints?$AA@ 00000001800034f8     pricerange_mex.obj
 0002:00000508       ??_C@_0BC@PFKIGKIM@ResolvedFunctions?$AA@ 0000000180003508     pricerange_mex.obj
 0002:00000520       ??_C@_07NGFJPNPN@Version?$AA@ 0000000180003520     pricerange_mex.obj
 0002:00000528       _pDefaultRawDllMain        0000000180003528     MSVCRT:crtdll.obj
 0002:00000528       _pRawDllMain               0000000180003528     MSVCRT:crtdll.obj
 0002:00000530       __rtc_iaa                  0000000180003530     MSVCRT:_initsect_.obj
 0002:00000538       __rtc_izz                  0000000180003538     MSVCRT:_initsect_.obj
 0002:00000540       __rtc_taa                  0000000180003540     MSVCRT:_initsect_.obj
 0002:00000548       __rtc_tzz                  0000000180003548     MSVCRT:_initsect_.obj
 0002:00000728       __IMPORT_DESCRIPTOR_libmx  0000000180003728     libmx:libmx.dll
 0002:0000073c       __IMPORT_DESCRIPTOR_libmex 000000018000373c     libmex:libmex.dll
 0002:00000750       __IMPORT_DESCRIPTOR_libemlrt 0000000180003750     libemlrt:libemlrt.dll
 0002:00000764       __IMPORT_DESCRIPTOR_libmwmathutil 0000000180003764     libmwmathutil:libmwmathutil.dll
 0002:00000778       __IMPORT_DESCRIPTOR_MSVCR100 0000000180003778     MSVCRT:MSVCR100.dll
 0002:0000078c       __IMPORT_DESCRIPTOR_KERNEL32 000000018000378c     kernel32:KERNEL32.dll
 0002:000007a0       __NULL_IMPORT_DESCRIPTOR   00000001800037a0     libmx:libmx.dll
 0003:00000070       emlrtContextGlobal         0000000180004070     pricerange_mex.obj
 0003:000000b0       _fltused                   00000001800040b0     MSVCRT:dllsupp.obj
 0003:000000b4       __native_dllmain_reason    00000001800040b4     MSVCRT:natstart.obj
 0003:000000b8       __native_vcclrit_reason    00000001800040b8     MSVCRT:natstart.obj
 0003:000000c0       __security_cookie          00000001800040c0     MSVCRT:gs_cookie.obj
 0003:000000c8       __security_cookie_complement 00000001800040c8     MSVCRT:gs_cookie.obj
 0003:000000d8       emlrtRootTLSGlobal         00000001800040d8     pricerange_mex.obj
 0003:000000e8       ?__type_info_root_node@@3U__type_info_node@@A 00000001800040e8     MSVCRT:tncleanup.obj
 0003:000000f8       __native_startup_state     00000001800040f8     <common>
 0003:00000100       __native_startup_lock      0000000180004100     <common>
 0003:00000108       __onexitend                0000000180004108     <common>
 0003:00000110       __onexitbegin              0000000180004110     <common>
 0003:00000118       __dyn_tls_init_callback    0000000180004118     <common>

 entry point at        0001:00001268

 Static symbols

 0001:00000320       c_emlrt_marshallIn         0000000180001320 f   pricerange_api.obj
 0001:00000aa0       pricerange_mexFunction     0000000180001aa0 f   pricerange_mex.obj
 0001:00000e70       pre_c_init                 0000000180001e70 f   MSVCRT:crtdll.obj
 0001:0000112c       __DllMainCRTStartup        000000018000212c f   MSVCRT:crtdll.obj
 0001:000015c0       __DllMainCRTStartup$filt$0 00000001800025c0 f   MSVCRT:crtdll.obj
 0001:000015f0       __DllMainCRTStartup$fin$1  00000001800025f0 f   MSVCRT:crtdll.obj
 0001:0000160a       _onexit$fin$0              000000018000260a f   MSVCRT:atonexit.obj
 0001:00001630       _IsNonwritableInCurrentImage$filt$0 0000000180002630 f   MSVCRT:pesect.obj
